******************************************************************************
                  TI ARM Linker Unix v20.2.7                   
******************************************************************************
>> Linked Wed Mar  1 13:11:26 2023

OUTPUT FILE NAME:   <LineFollowFSM.out>
ENTRY POINT SYMBOL: "_c_int00_noargs"  address: 00001929


MEMORY CONFIGURATION

         name            origin    length      used     unused   attr    fill
----------------------  --------  ---------  --------  --------  ----  --------
  MAIN                  00000000   00040000  00001da8  0003e258  R  X
  INFO                  00200000   00004000  00000000  00004000  R  X
  SRAM_CODE             01000000   00010000  0000023a  0000fdc6  RW X
  SRAM_DATA             20000000   00010000  0000023a  0000fdc6  RW  


SEGMENT ALLOCATION MAP

run origin  load origin   length   init length attrs members
----------  ----------- ---------- ----------- ----- -------
00000000    00000000    00001da8   00001da8    r-x
  00000000    00000000    000000e4   000000e4    r-- .intvecs
  000000e4    000000e4    000018dc   000018dc    r-x .text
  000019c0    000019c0    000003b0   000003b0    r-- .const
  00001d70    00001d70    00000038   00000038    r-- .cinit
20000000    20000000    0000003a   00000000    rw-
  20000000    20000000    00000028   00000000    rw- .data
  20000028    20000028    00000012   00000000    rw- .bss
2000fe00    2000fe00    00000200   00000000    rw-
  2000fe00    2000fe00    00000200   00000000    rw- .stack


SECTION ALLOCATION MAP

 output                                  attributes/
section   page    origin      length       input sections
--------  ----  ----------  ----------   ----------------
.intvecs   0    00000000    000000e4     
                  00000000    000000e4     startup_msp432p401r_ccs.obj (.intvecs:retain)

.text      0    000000e4    000018dc     
                  000000e4    000006c8     TExaS.obj (.text)
                  000007ac    00000420     PWM.obj (.text)
                  00000bcc    0000032c     system_msp432p401r.obj (.text)
                  00000ef8    000001ec     Motor.obj (.text)
                  000010e4    000001e0     Clock.obj (.text)
                  000012c4    000001dc     Reflectance.obj (.text)
                  000014a0    00000108     LineFollowFSMmain.obj (.text)
                  000015a8    00000100     BumpInt.obj (.text)
                  000016a8    000000f8     LaunchPad.obj (.text)
                  000017a0    0000009c     rtsv7M4_T_le_v4SPD16_eabi.lib : memcpy_t2.asm.obj (.text)
                  0000183c    00000068                                   : copy_decompress_lzss.c.obj (.text:decompress:lzss:__TI_decompress_lzss)
                  000018a4    00000044                                   : autoinit.c.obj (.text:__TI_auto_init_nobinit_nopinit:__TI_auto_init_nobinit_nopinit)
                  000018e8    00000040     SysTickInts.obj (.text)
                  00001928    00000034     rtsv7M4_T_le_v4SPD16_eabi.lib : boot_cortex_m.c.obj (.text:_c_int00_noargs:_c_int00_noargs)
                  0000195c    00000024     CortexM.obj (.text)
                  00001980    0000001c     rtsv7M4_T_le_v4SPD16_eabi.lib : copy_zero_init.c.obj (.text:decompress:ZI:__TI_zero_init_nomemset:__TI_zero_init_nomemset)
                  0000199c    0000000e                                   : copy_decompress_none.c.obj (.text:decompress:none:__TI_decompress_none)
                  000019aa    0000000e     startup_msp432p401r_ccs.obj (.text)
                  000019b8    00000004     rtsv7M4_T_le_v4SPD16_eabi.lib : pre_init.c.obj (.text:_system_pre_init)
                  000019bc    00000004                                   : exit.c.obj (.text:abort:abort)

.const     0    000019c0    000003b0     
                  000019c0    00000370     LineFollowFSMmain.obj (.const:fsm)
                  00001d30    00000020     Reflectance.obj (.const:$P$T0$1)
                  00001d50    00000020     Reflectance.obj (.const:$P$T1$2)

.cinit     0    00001d70    00000038     
                  00001d70    0000000d     (.cinit..data.load) [load image, compression = lzss]
                  00001d7d    00000003     --HOLE-- [fill = 0]
                  00001d80    0000000c     (__TI_handler_table)
                  00001d8c    00000004     --HOLE-- [fill = 0]
                  00001d90    00000008     (.cinit..bss.load) [load image, compression = zero_init]
                  00001d98    00000010     (__TI_cinit_table)

.init_array 
*          0    00000000    00000000     UNINITIALIZED

.binit     0    00000000    00000000     

.data      0    20000000    00000028     UNINITIALIZED
                  20000000    00000018     Clock.obj (.data)
                  20000018    0000000c     TExaS.obj (.data)
                  20000024    00000004     system_msp432p401r.obj (.data)

.bss       0    20000028    00000012     UNINITIALIZED
                  20000028    00000004     (.common:BumpTask)
                  2000002c    00000004     (.common:PeriodicTask2)
                  20000030    00000004     (.common:Spt)
                  20000034    00000001     (.common:CollisionData)
                  20000035    00000001     (.common:CollisionFlag)
                  20000036    00000001     (.common:LogicData)
                  20000037    00000001     (.common:Output)
                  20000038    00000001     (.common:SensorData)
                  20000039    00000001     (.common:systick_count)

.stack     0    2000fe00    00000200     UNINITIALIZED
                  2000fe00    00000004     rtsv7M4_T_le_v4SPD16_eabi.lib : boot_cortex_m.c.obj (.stack)
                  2000fe04    000001fc     --HOLE--

__llvm_prf_cnts 
*          0    20000000    00000000     UNINITIALIZED

MODULE SUMMARY

       Module                        code   ro data   rw data
       ------                        ----   -------   -------
    ./
       TExaS.obj                     1736   0         34     
       LineFollowFSMmain.obj         264    880       18     
       PWM.obj                       1056   0         0      
       system_msp432p401r.obj        812    0         8      
       Reflectance.obj               476    64        0      
       Clock.obj                     480    0         48     
       Motor.obj                     492    0         0      
       BumpInt.obj                   256    0         8      
       LaunchPad.obj                 248    0         0      
       startup_msp432p401r_ccs.obj   14     228       0      
       SysTickInts.obj               64     0         0      
       CortexM.obj                   36     0         0      
    +--+-----------------------------+------+---------+---------+
       Total:                        5934   1172      116    
                                                             
    /Applications/ti/ccs1210/ccs/tools/compiler/ti-cgt-arm_20.2.7.LTS/lib/rtsv7M4_T_le_v4SPD16_eabi.lib
       memcpy_t2.asm.obj             156    0         0      
       copy_decompress_lzss.c.obj    104    0         0      
       autoinit.c.obj                68     0         0      
       boot_cortex_m.c.obj           52     0         0      
       copy_zero_init.c.obj          28     0         0      
       copy_decompress_none.c.obj    14     0         0      
       exit.c.obj                    4      0         0      
       pre_init.c.obj                4      0         0      
    +--+-----------------------------+------+---------+---------+
       Total:                        430    0         0      
                                                             
       Stack:                        0      0         1024   
       Linker Generated:             0      49        0      
    +--+-----------------------------+------+---------+---------+
       Grand Total:                  6364   1221      1140   


LINKER GENERATED COPY TABLES

__TI_cinit_table @ 00001d98 records: 2, size/record: 8, table size: 16
	.data: load addr=00001d70, load size=0000000d bytes, run addr=20000000, run size=00000028 bytes, compression=lzss
	.bss: load addr=00001d90, load size=00000008 bytes, run addr=20000028, run size=00000012 bytes, compression=zero_init


LINKER GENERATED HANDLER TABLE

__TI_handler_table @ 00001d80 records: 3, size/record: 4, table size: 12
	index: 0, handler: __TI_decompress_lzss
	index: 1, handler: __TI_decompress_none
	index: 2, handler: __TI_zero_init


GLOBAL SYMBOLS: SORTED ALPHABETICALLY BY Name 

address   name                                   
-------   ----                                   
000019b7  ADC14_IRQHandler                       
000004f1  ADC_Init                               
000019b7  AES256_IRQHandler                      
000015a9  BumpInt_Init                           
20000028  BumpTask                               
0000161b  Bump_Read                              
000019b7  BusFault_Handler                       
000019bd  C$$EXIT                                
000019b7  COMP_E0_IRQHandler                     
000019b7  COMP_E1_IRQHandler                     
20000008  CPMwait                                
000019b7  CS_IRQHandler                          
20000000  ClockFrequency                         
00001239  Clock_Delay1ms                         
0000120f  Clock_Delay1us                         
000011fb  Clock_GetFreq                          
000010e5  Clock_Init48MHz                        
20000034  CollisionData                          
20000035  CollisionFlag                          
20000014  Crystalstable                          
000019b7  DMA_ERR_IRQHandler                     
000019b7  DMA_INT0_IRQHandler                    
000019b7  DMA_INT1_IRQHandler                    
000019b7  DMA_INT2_IRQHandler                    
000019b7  DMA_INT3_IRQHandler                    
000019b7  DebugMon_Handler                       
000019b7  Default_Handler                        
0000195d  DisableInterrupts                      
000019b7  EUSCIA0_IRQHandler                     
000019b7  EUSCIA1_IRQHandler                     
000019b7  EUSCIA2_IRQHandler                     
000019b7  EUSCIA3_IRQHandler                     
000019b7  EUSCIB0_IRQHandler                     
000019b7  EUSCIB1_IRQHandler                     
000019b7  EUSCIB2_IRQHandler                     
000019b7  EUSCIB3_IRQHandler                     
00001963  EnableInterrupts                       
00001973  EndCritical                            
000019b7  FLCTL_IRQHandler                       
000019b7  FPU_IRQHandler                         
000014b5  HandleCollision                        
000019b7  HardFault_Handler                      
20000010  IFlags                                 
000016a9  LaunchPad_Init                         
00001719  LaunchPad_Input                        
00001737  LaunchPad_LED                          
00001755  LaunchPad_Output                       
000000e5  LogicAnalyzer                          
000000ef  LogicAnalyzer_P1                       
000001c5  LogicAnalyzer_P10                      
000000fd  LogicAnalyzer_P2                       
000001d3  LogicAnalyzer_P27_P26_P82_P92_P104_P105
0000010b  LogicAnalyzer_P2_7654                  
0000011b  LogicAnalyzer_P3                       
00000129  LogicAnalyzer_P4                       
00000147  LogicAnalyzer_P4_765320                
00000137  LogicAnalyzer_P4_765432                
0000017f  LogicAnalyzer_P5                       
0000020b  LogicAnalyzer_P55_P54_P27_P26_P37_P36  
0000018d  LogicAnalyzer_P6                       
0000019b  LogicAnalyzer_P7                       
000001a9  LogicAnalyzer_P8                       
000001b7  LogicAnalyzer_P9                       
20000036  LogicData                              
000019b7  MemManage_Handler                      
0000106d  Motor_Backward                         
00000fab  Motor_Forward                          
00000ef9  Motor_Init                             
00001029  Motor_Left                             
00000fe5  Motor_Right                            
00000f8b  Motor_Stop                             
000019b7  NMI_Handler                            
20000037  Output                                 
000019b7  PCM_IRQHandler                         
000019b7  PORT1_IRQHandler                       
000019b7  PORT2_IRQHandler                       
000019b7  PORT3_IRQHandler                       
00001665  PORT4_IRQHandler                       
00001665  PORT4_IRQHandler                       
000019b7  PORT5_IRQHandler                       
000019b7  PORT6_IRQHandler                       
000019b7  PSS_IRQHandler                         
00000897  PWM_Duty1                              
000008b7  PWM_Duty2                              
0000095b  PWM_Duty3                              
0000097b  PWM_Duty4                              
000007ad  PWM_Init1                              
00000813  PWM_Init12                             
000008d7  PWM_Init34                             
00000ac3  PWM_RobotArmDuty0                      
00000ae9  PWM_RobotArmDuty1                      
00000b0f  PWM_RobotArmDuty2                      
00000ae3  PWM_RobotArmGetDuty0                   
00000b09  PWM_RobotArmGetDuty1                   
00000b2f  PWM_RobotArmGetDuty2                   
0000099b  PWM_RobotArmInit                       
000014a1  Pause                                  
000019b7  PendSV_Handler                         
2000002c  PeriodicTask2                          
000002b9  PeriodicTask2_Init                     
00000333  PeriodicTask2_Stop                     
2000000c  Postwait                               
20000004  Prewait                                
000019b7  RTC_C_IRQHandler                       
00001381  Reflectance_Center                     
0000143b  Reflectance_End                        
000012c5  Reflectance_Init                       
0000138d  Reflectance_Position                   
00001329  Reflectance_Read                       
0000140b  Reflectance_Start                      
000019ab  Reset_Handler                          
000019b7  SVC_Handler                            
00000235  Scope                                  
20000038  SensorData                             
20000030  Spt                                    
00001969  StartCritical                          
000014cf  SysTick_Handler                        
000014cf  SysTick_Handler                        
000018e9  SysTick_Init                           
20000024  SystemCoreClock                        
00000bcd  SystemCoreClockUpdate                  
00000e41  SystemInit                             
00000323  T32_INT1_IRQHandler                    
00000323  T32_INT1_IRQHandler                    
000019b7  T32_INT2_IRQHandler                    
000019b7  T32_INTC_IRQHandler                    
000019b7  TA0_0_IRQHandler                       
000019b7  TA0_N_IRQHandler                       
000019b7  TA1_0_IRQHandler                       
000019b7  TA1_N_IRQHandler                       
000019b7  TA2_0_IRQHandler                       
000019b7  TA2_N_IRQHandler                       
000019b7  TA3_0_IRQHandler                       
000019b7  TA3_N_IRQHandler                       
00000485  TExaS_Clear0                           
00000491  TExaS_Clear1                           
000004a5  TExaS_Clear2                           
000004b1  TExaS_Clear3                           
000004bd  TExaS_Clear4                           
000004bf  TExaS_Clear5                           
000004cb  TExaS_Clear6                           
000005b5  TExaS_Init                             
2000001c  TExaS_ScopeErrConflict                 
20000018  TExaS_ScopeErrLostData                 
20000020  TExaS_ScopeWrnReconfig                 
00000413  TExaS_Set                              
0000042b  TExaS_Set0                             
00000437  TExaS_Set1                             
00000443  TExaS_Set2                             
0000044f  TExaS_Set3                             
0000045b  TExaS_Set4                             
0000045d  TExaS_Set5                             
00000475  TExaS_Set6                             
00000741  TExaS_Stop                             
000003c9  TExaS_Task0                            
000003d5  TExaS_Task1                            
000003e1  TExaS_Task2                            
000003ed  TExaS_Task3                            
000003f9  TExaS_Task4                            
000003fb  TExaS_Task5                            
00000407  TExaS_Task6                            
0000039d  UART_InChar                            
00000343  UART_Init                              
000003ad  UART_OutChar                           
000019b7  UsageFault_Handler                     
4000480c  WDTCTL_SYM                             
000019b7  WDT_A_IRQHandler                       
0000197b  WaitForInterrupt                       
20010000  __STACK_END                            
00000200  __STACK_SIZE                           
00001d98  __TI_CINIT_Base                        
00001da8  __TI_CINIT_Limit                       
00001d80  __TI_Handler_Table_Base                
00001d8c  __TI_Handler_Table_Limit               
000018a5  __TI_auto_init_nobinit_nopinit         
0000183d  __TI_decompress_lzss                   
0000199d  __TI_decompress_none                   
ffffffff  __TI_pprof_out_hndl                    
ffffffff  __TI_prof_data_size                    
ffffffff  __TI_prof_data_start                   
00000000  __TI_static_base__                     
00001981  __TI_zero_init_nomemset                
000017a1  __aeabi_memcpy                         
000017a1  __aeabi_memcpy4                        
000017a1  __aeabi_memcpy8                        
ffffffff  __binit__                              
ffffffff  __c_args__                             
UNDEFED   __mpu_init                             
2000fe00  __stack                                
20000000  __start___llvm_prf_cnts                
20000000  __stop___llvm_prf_cnts                 
00001929  _c_int00_noargs                        
UNDEFED   _system_post_cinit                     
000019b9  _system_pre_init                       
000019bd  abort                                  
ffffffff  binit                                  
00001201  delay                                  
000019c0  fsm                                    
00000000  interruptVectors                       
00001511  main                                   
000017a1  memcpy                                 
20000039  systick_count                          


GLOBAL SYMBOLS: SORTED BY Symbol Address 

address   name                                   
-------   ----                                   
00000000  __TI_static_base__                     
00000000  interruptVectors                       
000000e5  LogicAnalyzer                          
000000ef  LogicAnalyzer_P1                       
000000fd  LogicAnalyzer_P2                       
0000010b  LogicAnalyzer_P2_7654                  
0000011b  LogicAnalyzer_P3                       
00000129  LogicAnalyzer_P4                       
00000137  LogicAnalyzer_P4_765432                
00000147  LogicAnalyzer_P4_765320                
0000017f  LogicAnalyzer_P5                       
0000018d  LogicAnalyzer_P6                       
0000019b  LogicAnalyzer_P7                       
000001a9  LogicAnalyzer_P8                       
000001b7  LogicAnalyzer_P9                       
000001c5  LogicAnalyzer_P10                      
000001d3  LogicAnalyzer_P27_P26_P82_P92_P104_P105
00000200  __STACK_SIZE                           
0000020b  LogicAnalyzer_P55_P54_P27_P26_P37_P36  
00000235  Scope                                  
000002b9  PeriodicTask2_Init                     
00000323  T32_INT1_IRQHandler                    
00000323  T32_INT1_IRQHandler                    
00000333  PeriodicTask2_Stop                     
00000343  UART_Init                              
0000039d  UART_InChar                            
000003ad  UART_OutChar                           
000003c9  TExaS_Task0                            
000003d5  TExaS_Task1                            
000003e1  TExaS_Task2                            
000003ed  TExaS_Task3                            
000003f9  TExaS_Task4                            
000003fb  TExaS_Task5                            
00000407  TExaS_Task6                            
00000413  TExaS_Set                              
0000042b  TExaS_Set0                             
00000437  TExaS_Set1                             
00000443  TExaS_Set2                             
0000044f  TExaS_Set3                             
0000045b  TExaS_Set4                             
0000045d  TExaS_Set5                             
00000475  TExaS_Set6                             
00000485  TExaS_Clear0                           
00000491  TExaS_Clear1                           
000004a5  TExaS_Clear2                           
000004b1  TExaS_Clear3                           
000004bd  TExaS_Clear4                           
000004bf  TExaS_Clear5                           
000004cb  TExaS_Clear6                           
000004f1  ADC_Init                               
000005b5  TExaS_Init                             
00000741  TExaS_Stop                             
000007ad  PWM_Init1                              
00000813  PWM_Init12                             
00000897  PWM_Duty1                              
000008b7  PWM_Duty2                              
000008d7  PWM_Init34                             
0000095b  PWM_Duty3                              
0000097b  PWM_Duty4                              
0000099b  PWM_RobotArmInit                       
00000ac3  PWM_RobotArmDuty0                      
00000ae3  PWM_RobotArmGetDuty0                   
00000ae9  PWM_RobotArmDuty1                      
00000b09  PWM_RobotArmGetDuty1                   
00000b0f  PWM_RobotArmDuty2                      
00000b2f  PWM_RobotArmGetDuty2                   
00000bcd  SystemCoreClockUpdate                  
00000e41  SystemInit                             
00000ef9  Motor_Init                             
00000f8b  Motor_Stop                             
00000fab  Motor_Forward                          
00000fe5  Motor_Right                            
00001029  Motor_Left                             
0000106d  Motor_Backward                         
000010e5  Clock_Init48MHz                        
000011fb  Clock_GetFreq                          
00001201  delay                                  
0000120f  Clock_Delay1us                         
00001239  Clock_Delay1ms                         
000012c5  Reflectance_Init                       
00001329  Reflectance_Read                       
00001381  Reflectance_Center                     
0000138d  Reflectance_Position                   
0000140b  Reflectance_Start                      
0000143b  Reflectance_End                        
000014a1  Pause                                  
000014b5  HandleCollision                        
000014cf  SysTick_Handler                        
000014cf  SysTick_Handler                        
00001511  main                                   
000015a9  BumpInt_Init                           
0000161b  Bump_Read                              
00001665  PORT4_IRQHandler                       
00001665  PORT4_IRQHandler                       
000016a9  LaunchPad_Init                         
00001719  LaunchPad_Input                        
00001737  LaunchPad_LED                          
00001755  LaunchPad_Output                       
000017a1  __aeabi_memcpy                         
000017a1  __aeabi_memcpy4                        
000017a1  __aeabi_memcpy8                        
000017a1  memcpy                                 
0000183d  __TI_decompress_lzss                   
000018a5  __TI_auto_init_nobinit_nopinit         
000018e9  SysTick_Init                           
00001929  _c_int00_noargs                        
0000195d  DisableInterrupts                      
00001963  EnableInterrupts                       
00001969  StartCritical                          
00001973  EndCritical                            
0000197b  WaitForInterrupt                       
00001981  __TI_zero_init_nomemset                
0000199d  __TI_decompress_none                   
000019ab  Reset_Handler                          
000019b7  ADC14_IRQHandler                       
000019b7  AES256_IRQHandler                      
000019b7  BusFault_Handler                       
000019b7  COMP_E0_IRQHandler                     
000019b7  COMP_E1_IRQHandler                     
000019b7  CS_IRQHandler                          
000019b7  DMA_ERR_IRQHandler                     
000019b7  DMA_INT0_IRQHandler                    
000019b7  DMA_INT1_IRQHandler                    
000019b7  DMA_INT2_IRQHandler                    
000019b7  DMA_INT3_IRQHandler                    
000019b7  DebugMon_Handler                       
000019b7  Default_Handler                        
000019b7  EUSCIA0_IRQHandler                     
000019b7  EUSCIA1_IRQHandler                     
000019b7  EUSCIA2_IRQHandler                     
000019b7  EUSCIA3_IRQHandler                     
000019b7  EUSCIB0_IRQHandler                     
000019b7  EUSCIB1_IRQHandler                     
000019b7  EUSCIB2_IRQHandler                     
000019b7  EUSCIB3_IRQHandler                     
000019b7  FLCTL_IRQHandler                       
000019b7  FPU_IRQHandler                         
000019b7  HardFault_Handler                      
000019b7  MemManage_Handler                      
000019b7  NMI_Handler                            
000019b7  PCM_IRQHandler                         
000019b7  PORT1_IRQHandler                       
000019b7  PORT2_IRQHandler                       
000019b7  PORT3_IRQHandler                       
000019b7  PORT5_IRQHandler                       
000019b7  PORT6_IRQHandler                       
000019b7  PSS_IRQHandler                         
000019b7  PendSV_Handler                         
000019b7  RTC_C_IRQHandler                       
000019b7  SVC_Handler                            
000019b7  T32_INT2_IRQHandler                    
000019b7  T32_INTC_IRQHandler                    
000019b7  TA0_0_IRQHandler                       
000019b7  TA0_N_IRQHandler                       
000019b7  TA1_0_IRQHandler                       
000019b7  TA1_N_IRQHandler                       
000019b7  TA2_0_IRQHandler                       
000019b7  TA2_N_IRQHandler                       
000019b7  TA3_0_IRQHandler                       
000019b7  TA3_N_IRQHandler                       
000019b7  UsageFault_Handler                     
000019b7  WDT_A_IRQHandler                       
000019b9  _system_pre_init                       
000019bd  C$$EXIT                                
000019bd  abort                                  
000019c0  fsm                                    
00001d80  __TI_Handler_Table_Base                
00001d8c  __TI_Handler_Table_Limit               
00001d98  __TI_CINIT_Base                        
00001da8  __TI_CINIT_Limit                       
20000000  ClockFrequency                         
20000000  __start___llvm_prf_cnts                
20000000  __stop___llvm_prf_cnts                 
20000004  Prewait                                
20000008  CPMwait                                
2000000c  Postwait                               
20000010  IFlags                                 
20000014  Crystalstable                          
20000018  TExaS_ScopeErrLostData                 
2000001c  TExaS_ScopeErrConflict                 
20000020  TExaS_ScopeWrnReconfig                 
20000024  SystemCoreClock                        
20000028  BumpTask                               
2000002c  PeriodicTask2                          
20000030  Spt                                    
20000034  CollisionData                          
20000035  CollisionFlag                          
20000036  LogicData                              
20000037  Output                                 
20000038  SensorData                             
20000039  systick_count                          
2000fe00  __stack                                
20010000  __STACK_END                            
4000480c  WDTCTL_SYM                             
ffffffff  __TI_pprof_out_hndl                    
ffffffff  __TI_prof_data_size                    
ffffffff  __TI_prof_data_start                   
ffffffff  __binit__                              
ffffffff  __c_args__                             
ffffffff  binit                                  
UNDEFED   __mpu_init                             
UNDEFED   _system_post_cinit                     

[202 symbols]
