******************************************************************************
                  TI ARM Linker Unix v20.2.7                   
******************************************************************************
>> Linked Wed Mar  1 14:29:14 2023

OUTPUT FILE NAME:   <LineFollowFSM.out>
ENTRY POINT SYMBOL: "_c_int00_noargs"  address: 0000117d


MEMORY CONFIGURATION

         name            origin    length      used     unused   attr    fill
----------------------  --------  ---------  --------  --------  ----  --------
  MAIN                  00000000   00040000  00001618  0003e9e8  R  X
  INFO                  00200000   00004000  00000000  00004000  R  X
  SRAM_CODE             01000000   00010000  0000023a  0000fdc6  RW X
  SRAM_DATA             20000000   00010000  0000023a  0000fdc6  RW  


SEGMENT ALLOCATION MAP

run origin  load origin   length   init length attrs members
----------  ----------- ---------- ----------- ----- -------
00000000    00000000    00001618   00001618    r-x
  00000000    00000000    000000e4   000000e4    r-- .intvecs
  000000e4    000000e4    0000114c   0000114c    r-x .text
  00001230    00001230    000003b0   000003b0    r-- .const
  000015e0    000015e0    00000038   00000038    r-- .cinit
20000000    20000000    0000003a   00000000    rw-
  20000000    20000000    00000028   00000000    rw- .data
  20000028    20000028    00000012   00000000    rw- .bss
2000fe00    2000fe00    00000200   00000000    rw-
  2000fe00    2000fe00    00000200   00000000    rw- .stack


SECTION ALLOCATION MAP

 output                                  attributes/
section   page    origin      length       input sections
--------  ----  ----------  ----------   ----------------
.intvecs   0    00000000    000000e4     
                  00000000    000000e4     startup_msp432p401r_ccs.obj (.intvecs:retain)

.text      0    000000e4    0000114c     
                  000000e4    000004f4     TExaS.obj (.text)
                  000005d8    0000022c     PWM.obj (.text)
                  00000804    000001e4     system_msp432p401r.obj (.text)
                  000009e8    000001a4     Motor.obj (.text)
                  00000b8c    00000168     Reflectance.obj (.text)
                  00000cf4    0000013c     Clock.obj (.text)
                  00000e30    000000d0     LineFollowFSMmain.obj (.text)
                  00000f00    0000009c     LaunchPad.obj (.text)
                  00000f9c    0000009c     rtsv7M4_T_le_v4SPD16_eabi.lib : memcpy_t2.asm.obj (.text)
                  00001038    00000098     BumpInt.obj (.text)
                  000010d0    00000068     rtsv7M4_T_le_v4SPD16_eabi.lib : copy_decompress_lzss.c.obj (.text:decompress:lzss:__TI_decompress_lzss)
                  00001138    00000044                                   : autoinit.c.obj (.text:__TI_auto_init_nobinit_nopinit:__TI_auto_init_nobinit_nopinit)
                  0000117c    00000034                                   : boot_cortex_m.c.obj (.text:_c_int00_noargs:_c_int00_noargs)
                  000011b0    00000024     CortexM.obj (.text)
                  000011d4    0000001c     SysTickInts.obj (.text)
                  000011f0    0000001c     rtsv7M4_T_le_v4SPD16_eabi.lib : copy_zero_init.c.obj (.text:decompress:ZI:__TI_zero_init_nomemset:__TI_zero_init_nomemset)
                  0000120c    0000000e                                   : copy_decompress_none.c.obj (.text:decompress:none:__TI_decompress_none)
                  0000121a    0000000e     startup_msp432p401r_ccs.obj (.text)
                  00001228    00000004     rtsv7M4_T_le_v4SPD16_eabi.lib : pre_init.c.obj (.text:_system_pre_init)
                  0000122c    00000004                                   : exit.c.obj (.text:abort:abort)

.const     0    00001230    000003b0     
                  00001230    00000370     LineFollowFSMmain.obj (.const:fsm)
                  000015a0    00000020     Reflectance.obj (.const:$P$T0$1)
                  000015c0    00000020     Reflectance.obj (.const:$P$T1$2)

.cinit     0    000015e0    00000038     
                  000015e0    0000000d     (.cinit..data.load) [load image, compression = lzss]
                  000015ed    00000003     --HOLE-- [fill = 0]
                  000015f0    0000000c     (__TI_handler_table)
                  000015fc    00000004     --HOLE-- [fill = 0]
                  00001600    00000008     (.cinit..bss.load) [load image, compression = zero_init]
                  00001608    00000010     (__TI_cinit_table)

.init_array 
*          0    00000000    00000000     UNINITIALIZED

.binit     0    00000000    00000000     

.data      0    20000000    00000028     UNINITIALIZED
                  20000000    00000018     Clock.obj (.data)
                  20000018    0000000c     TExaS.obj (.data)
                  20000024    00000004     system_msp432p401r.obj (.data)

.bss       0    20000028    00000012     UNINITIALIZED
                  20000028    00000004     (.common:BumpTask)
                  2000002c    00000004     (.common:PeriodicTask2)
                  20000030    00000004     (.common:Spt)
                  20000034    00000001     (.common:CollisionData)
                  20000035    00000001     (.common:CollisionFlag)
                  20000036    00000001     (.common:LogicData)
                  20000037    00000001     (.common:Output)
                  20000038    00000001     (.common:SensorData)
                  20000039    00000001     (.common:systick_count)

.stack     0    2000fe00    00000200     UNINITIALIZED
                  2000fe00    00000004     rtsv7M4_T_le_v4SPD16_eabi.lib : boot_cortex_m.c.obj (.stack)
                  2000fe04    000001fc     --HOLE--

__llvm_prf_cnts 
*          0    20000000    00000000     UNINITIALIZED

MODULE SUMMARY

       Module                        code   ro data   rw data
       ------                        ----   -------   -------
    ./
       TExaS.obj                     1268   0         34     
       LineFollowFSMmain.obj         208    880       18     
       PWM.obj                       556    0         0      
       system_msp432p401r.obj        484    0         8      
       Reflectance.obj               360    64        0      
       Motor.obj                     420    0         0      
       Clock.obj                     316    0         48     
       startup_msp432p401r_ccs.obj   14     228       0      
       BumpInt.obj                   152    0         8      
       LaunchPad.obj                 156    0         0      
       CortexM.obj                   36     0         0      
       SysTickInts.obj               28     0         0      
    +--+-----------------------------+------+---------+---------+
       Total:                        3998   1172      116    
                                                             
    /Applications/ti/ccs1210/ccs/tools/compiler/ti-cgt-arm_20.2.7.LTS/lib/rtsv7M4_T_le_v4SPD16_eabi.lib
       memcpy_t2.asm.obj             156    0         0      
       copy_decompress_lzss.c.obj    104    0         0      
       autoinit.c.obj                68     0         0      
       boot_cortex_m.c.obj           52     0         0      
       copy_zero_init.c.obj          28     0         0      
       copy_decompress_none.c.obj    14     0         0      
       exit.c.obj                    4      0         0      
       pre_init.c.obj                4      0         0      
    +--+-----------------------------+------+---------+---------+
       Total:                        430    0         0      
                                                             
       Stack:                        0      0         1024   
       Linker Generated:             0      49        0      
    +--+-----------------------------+------+---------+---------+
       Grand Total:                  4428   1221      1140   


LINKER GENERATED COPY TABLES

__TI_cinit_table @ 00001608 records: 2, size/record: 8, table size: 16
	.data: load addr=000015e0, load size=0000000d bytes, run addr=20000000, run size=00000028 bytes, compression=lzss
	.bss: load addr=00001600, load size=00000008 bytes, run addr=20000028, run size=00000012 bytes, compression=zero_init


LINKER GENERATED HANDLER TABLE

__TI_handler_table @ 000015f0 records: 3, size/record: 4, table size: 12
	index: 0, handler: __TI_decompress_lzss
	index: 1, handler: __TI_decompress_none
	index: 2, handler: __TI_zero_init


GLOBAL SYMBOLS: SORTED ALPHABETICALLY BY Name 

address   name                                   
-------   ----                                   
00001227  ADC14_IRQHandler                       
000001fd  ADC_Init                               
00001227  AES256_IRQHandler                      
0000106f  BumpInt_Init                           
20000028  BumpTask                               
00001039  Bump_Read                              
00001227  BusFault_Handler                       
0000122d  C$$EXIT                                
00001227  COMP_E0_IRQHandler                     
00001227  COMP_E1_IRQHandler                     
20000008  CPMwait                                
00001227  CS_IRQHandler                          
20000000  ClockFrequency                         
00000de7  Clock_Delay1ms                         
00000de5  Clock_Delay1us                         
00000ddf  Clock_GetFreq                          
00000cfb  Clock_Init48MHz                        
20000034  CollisionData                          
20000035  CollisionFlag                          
20000014  Crystalstable                          
00001227  DMA_ERR_IRQHandler                     
00001227  DMA_INT0_IRQHandler                    
00001227  DMA_INT1_IRQHandler                    
00001227  DMA_INT2_IRQHandler                    
00001227  DMA_INT3_IRQHandler                    
00001227  DebugMon_Handler                       
00001227  Default_Handler                        
000011cf  DisableInterrupts                      
00001227  EUSCIA0_IRQHandler                     
00001227  EUSCIA1_IRQHandler                     
00001227  EUSCIA2_IRQHandler                     
00001227  EUSCIA3_IRQHandler                     
00001227  EUSCIB0_IRQHandler                     
00001227  EUSCIB1_IRQHandler                     
00001227  EUSCIB2_IRQHandler                     
00001227  EUSCIB3_IRQHandler                     
000011c9  EnableInterrupts                       
000011c1  EndCritical                            
00001227  FLCTL_IRQHandler                       
00001227  FPU_IRQHandler                         
00000ec9  HandleCollision                        
00001227  HardFault_Handler                      
20000010  IFlags                                 
00000f3b  LaunchPad_Init                         
00000f1d  LaunchPad_Input                        
00000f0f  LaunchPad_LED                          
00000f01  LaunchPad_Output                       
00000379  LogicAnalyzer                          
00000383  LogicAnalyzer_P1                       
00000461  LogicAnalyzer_P10                      
00000391  LogicAnalyzer_P2                       
00000475  LogicAnalyzer_P27_P26_P82_P92_P104_P105
0000039f  LogicAnalyzer_P2_7654                  
000003af  LogicAnalyzer_P3                       
000003bf  LogicAnalyzer_P4                       
000003e1  LogicAnalyzer_P4_765320                
000003cf  LogicAnalyzer_P4_765432                
00000407  LogicAnalyzer_P5                       
000004ad  LogicAnalyzer_P55_P54_P27_P26_P37_P36  
00000421  LogicAnalyzer_P6                       
00000431  LogicAnalyzer_P7                       
00000441  LogicAnalyzer_P8                       
00000451  LogicAnalyzer_P9                       
20000036  LogicData                              
00001227  MemManage_Handler                      
00000b4b  Motor_Backward                         
00000b19  Motor_Forward                          
00000a81  Motor_Init                             
00000a47  Motor_Left                             
00000a0d  Motor_Right                            
000009e9  Motor_Stop                             
00001227  NMI_Handler                            
20000037  Output                                 
00001227  PCM_IRQHandler                         
00001227  PORT1_IRQHandler                       
00001227  PORT2_IRQHandler                       
00001227  PORT3_IRQHandler                       
00001059  PORT4_IRQHandler                       
00001059  PORT4_IRQHandler                       
00001227  PORT5_IRQHandler                       
00001227  PORT6_IRQHandler                       
00001227  PSS_IRQHandler                         
000007e9  PWM_Duty1                              
000007dd  PWM_Duty2                              
000007d1  PWM_Duty3                              
000007c5  PWM_Duty4                              
00000789  PWM_Init1                              
00000745  PWM_Init12                             
00000701  PWM_Init34                             
000006f3  PWM_RobotArmDuty0                      
000006e5  PWM_RobotArmDuty1                      
000006d7  PWM_RobotArmDuty2                      
000006cf  PWM_RobotArmGetDuty0                   
000006c9  PWM_RobotArmGetDuty1                   
000006c3  PWM_RobotArmGetDuty2                   
000005d9  PWM_RobotArmInit                       
00000eb5  Pause                                  
00001227  PendSV_Handler                         
2000002c  PeriodicTask2                          
00000251  PeriodicTask2_Init                     
00000199  PeriodicTask2_Stop                     
2000000c  Postwait                               
20000004  Prewait                                
00001227  RTC_C_IRQHandler                       
00000cdd  Reflectance_Center                     
00000cc3  Reflectance_End                        
00000c55  Reflectance_Init                       
00000bff  Reflectance_Position                   
00000bbb  Reflectance_Read                       
00000b8d  Reflectance_Start                      
0000121b  Reset_Handler                          
00001227  SVC_Handler                            
000004e9  Scope                                  
20000038  SensorData                             
20000030  Spt                                    
000011b7  StartCritical                          
00000e83  SysTick_Handler                        
00000e83  SysTick_Handler                        
000011d5  SysTick_Init                           
20000024  SystemCoreClock                        
0000085b  SystemCoreClockUpdate                  
00000805  SystemInit                             
0000055d  T32_INT1_IRQHandler                    
0000055d  T32_INT1_IRQHandler                    
00001227  T32_INT2_IRQHandler                    
00001227  T32_INTC_IRQHandler                    
00001227  TA0_0_IRQHandler                       
00001227  TA0_N_IRQHandler                       
00001227  TA1_0_IRQHandler                       
00001227  TA1_N_IRQHandler                       
00001227  TA2_0_IRQHandler                       
00001227  TA2_N_IRQHandler                       
00001227  TA3_0_IRQHandler                       
00001227  TA3_N_IRQHandler                       
0000036d  TExaS_Clear0                           
00000361  TExaS_Clear1                           
00000355  TExaS_Clear2                           
00000349  TExaS_Clear3                           
00000347  TExaS_Clear4                           
0000033b  TExaS_Clear5                           
0000032f  TExaS_Clear6                           
00000289  TExaS_Init                             
2000001c  TExaS_ScopeErrConflict                 
20000018  TExaS_ScopeErrLostData                 
20000020  TExaS_ScopeWrnReconfig                 
000001f3  TExaS_Set                              
000001e7  TExaS_Set0                             
000001db  TExaS_Set1                             
000001cf  TExaS_Set2                             
000001c3  TExaS_Set3                             
000001c1  TExaS_Set4                             
000001b5  TExaS_Set5                             
000001a9  TExaS_Set6                             
00000199  TExaS_Stop                             
0000018d  TExaS_Task0                            
00000181  TExaS_Task1                            
00000175  TExaS_Task2                            
00000169  TExaS_Task3                            
00000167  TExaS_Task4                            
0000015b  TExaS_Task5                            
0000014f  TExaS_Task6                            
00000141  UART_InChar                            
000000f1  UART_Init                              
000000e5  UART_OutChar                           
00001227  UsageFault_Handler                     
4000480c  WDTCTL_SYM                             
00001227  WDT_A_IRQHandler                       
000011b1  WaitForInterrupt                       
20010000  __STACK_END                            
00000200  __STACK_SIZE                           
00001608  __TI_CINIT_Base                        
00001618  __TI_CINIT_Limit                       
000015f0  __TI_Handler_Table_Base                
000015fc  __TI_Handler_Table_Limit               
00001139  __TI_auto_init_nobinit_nopinit         
000010d1  __TI_decompress_lzss                   
0000120d  __TI_decompress_none                   
ffffffff  __TI_pprof_out_hndl                    
ffffffff  __TI_prof_data_size                    
ffffffff  __TI_prof_data_start                   
00000000  __TI_static_base__                     
000011f1  __TI_zero_init_nomemset                
00000f9d  __aeabi_memcpy                         
00000f9d  __aeabi_memcpy4                        
00000f9d  __aeabi_memcpy8                        
ffffffff  __binit__                              
ffffffff  __c_args__                             
UNDEFED   __mpu_init                             
2000fe00  __stack                                
20000000  __start___llvm_prf_cnts                
20000000  __stop___llvm_prf_cnts                 
0000117d  _c_int00_noargs                        
UNDEFED   _system_post_cinit                     
00001229  _system_pre_init                       
0000122d  abort                                  
ffffffff  binit                                  
00000cf5  delay                                  
00001230  fsm                                    
00000000  interruptVectors                       
00000e31  main                                   
00000f9d  memcpy                                 
20000039  systick_count                          


GLOBAL SYMBOLS: SORTED BY Symbol Address 

address   name                                   
-------   ----                                   
00000000  __TI_static_base__                     
00000000  interruptVectors                       
000000e5  UART_OutChar                           
000000f1  UART_Init                              
00000141  UART_InChar                            
0000014f  TExaS_Task6                            
0000015b  TExaS_Task5                            
00000167  TExaS_Task4                            
00000169  TExaS_Task3                            
00000175  TExaS_Task2                            
00000181  TExaS_Task1                            
0000018d  TExaS_Task0                            
00000199  PeriodicTask2_Stop                     
00000199  TExaS_Stop                             
000001a9  TExaS_Set6                             
000001b5  TExaS_Set5                             
000001c1  TExaS_Set4                             
000001c3  TExaS_Set3                             
000001cf  TExaS_Set2                             
000001db  TExaS_Set1                             
000001e7  TExaS_Set0                             
000001f3  TExaS_Set                              
000001fd  ADC_Init                               
00000200  __STACK_SIZE                           
00000251  PeriodicTask2_Init                     
00000289  TExaS_Init                             
0000032f  TExaS_Clear6                           
0000033b  TExaS_Clear5                           
00000347  TExaS_Clear4                           
00000349  TExaS_Clear3                           
00000355  TExaS_Clear2                           
00000361  TExaS_Clear1                           
0000036d  TExaS_Clear0                           
00000379  LogicAnalyzer                          
00000383  LogicAnalyzer_P1                       
00000391  LogicAnalyzer_P2                       
0000039f  LogicAnalyzer_P2_7654                  
000003af  LogicAnalyzer_P3                       
000003bf  LogicAnalyzer_P4                       
000003cf  LogicAnalyzer_P4_765432                
000003e1  LogicAnalyzer_P4_765320                
00000407  LogicAnalyzer_P5                       
00000421  LogicAnalyzer_P6                       
00000431  LogicAnalyzer_P7                       
00000441  LogicAnalyzer_P8                       
00000451  LogicAnalyzer_P9                       
00000461  LogicAnalyzer_P10                      
00000475  LogicAnalyzer_P27_P26_P82_P92_P104_P105
000004ad  LogicAnalyzer_P55_P54_P27_P26_P37_P36  
000004e9  Scope                                  
0000055d  T32_INT1_IRQHandler                    
0000055d  T32_INT1_IRQHandler                    
000005d9  PWM_RobotArmInit                       
000006c3  PWM_RobotArmGetDuty2                   
000006c9  PWM_RobotArmGetDuty1                   
000006cf  PWM_RobotArmGetDuty0                   
000006d7  PWM_RobotArmDuty2                      
000006e5  PWM_RobotArmDuty1                      
000006f3  PWM_RobotArmDuty0                      
00000701  PWM_Init34                             
00000745  PWM_Init12                             
00000789  PWM_Init1                              
000007c5  PWM_Duty4                              
000007d1  PWM_Duty3                              
000007dd  PWM_Duty2                              
000007e9  PWM_Duty1                              
00000805  SystemInit                             
0000085b  SystemCoreClockUpdate                  
000009e9  Motor_Stop                             
00000a0d  Motor_Right                            
00000a47  Motor_Left                             
00000a81  Motor_Init                             
00000b19  Motor_Forward                          
00000b4b  Motor_Backward                         
00000b8d  Reflectance_Start                      
00000bbb  Reflectance_Read                       
00000bff  Reflectance_Position                   
00000c55  Reflectance_Init                       
00000cc3  Reflectance_End                        
00000cdd  Reflectance_Center                     
00000cf5  delay                                  
00000cfb  Clock_Init48MHz                        
00000ddf  Clock_GetFreq                          
00000de5  Clock_Delay1us                         
00000de7  Clock_Delay1ms                         
00000e31  main                                   
00000e83  SysTick_Handler                        
00000e83  SysTick_Handler                        
00000eb5  Pause                                  
00000ec9  HandleCollision                        
00000f01  LaunchPad_Output                       
00000f0f  LaunchPad_LED                          
00000f1d  LaunchPad_Input                        
00000f3b  LaunchPad_Init                         
00000f9d  __aeabi_memcpy                         
00000f9d  __aeabi_memcpy4                        
00000f9d  __aeabi_memcpy8                        
00000f9d  memcpy                                 
00001039  Bump_Read                              
00001059  PORT4_IRQHandler                       
00001059  PORT4_IRQHandler                       
0000106f  BumpInt_Init                           
000010d1  __TI_decompress_lzss                   
00001139  __TI_auto_init_nobinit_nopinit         
0000117d  _c_int00_noargs                        
000011b1  WaitForInterrupt                       
000011b7  StartCritical                          
000011c1  EndCritical                            
000011c9  EnableInterrupts                       
000011cf  DisableInterrupts                      
000011d5  SysTick_Init                           
000011f1  __TI_zero_init_nomemset                
0000120d  __TI_decompress_none                   
0000121b  Reset_Handler                          
00001227  ADC14_IRQHandler                       
00001227  AES256_IRQHandler                      
00001227  BusFault_Handler                       
00001227  COMP_E0_IRQHandler                     
00001227  COMP_E1_IRQHandler                     
00001227  CS_IRQHandler                          
00001227  DMA_ERR_IRQHandler                     
00001227  DMA_INT0_IRQHandler                    
00001227  DMA_INT1_IRQHandler                    
00001227  DMA_INT2_IRQHandler                    
00001227  DMA_INT3_IRQHandler                    
00001227  DebugMon_Handler                       
00001227  Default_Handler                        
00001227  EUSCIA0_IRQHandler                     
00001227  EUSCIA1_IRQHandler                     
00001227  EUSCIA2_IRQHandler                     
00001227  EUSCIA3_IRQHandler                     
00001227  EUSCIB0_IRQHandler                     
00001227  EUSCIB1_IRQHandler                     
00001227  EUSCIB2_IRQHandler                     
00001227  EUSCIB3_IRQHandler                     
00001227  FLCTL_IRQHandler                       
00001227  FPU_IRQHandler                         
00001227  HardFault_Handler                      
00001227  MemManage_Handler                      
00001227  NMI_Handler                            
00001227  PCM_IRQHandler                         
00001227  PORT1_IRQHandler                       
00001227  PORT2_IRQHandler                       
00001227  PORT3_IRQHandler                       
00001227  PORT5_IRQHandler                       
00001227  PORT6_IRQHandler                       
00001227  PSS_IRQHandler                         
00001227  PendSV_Handler                         
00001227  RTC_C_IRQHandler                       
00001227  SVC_Handler                            
00001227  T32_INT2_IRQHandler                    
00001227  T32_INTC_IRQHandler                    
00001227  TA0_0_IRQHandler                       
00001227  TA0_N_IRQHandler                       
00001227  TA1_0_IRQHandler                       
00001227  TA1_N_IRQHandler                       
00001227  TA2_0_IRQHandler                       
00001227  TA2_N_IRQHandler                       
00001227  TA3_0_IRQHandler                       
00001227  TA3_N_IRQHandler                       
00001227  UsageFault_Handler                     
00001227  WDT_A_IRQHandler                       
00001229  _system_pre_init                       
0000122d  C$$EXIT                                
0000122d  abort                                  
00001230  fsm                                    
000015f0  __TI_Handler_Table_Base                
000015fc  __TI_Handler_Table_Limit               
00001608  __TI_CINIT_Base                        
00001618  __TI_CINIT_Limit                       
20000000  ClockFrequency                         
20000000  __start___llvm_prf_cnts                
20000000  __stop___llvm_prf_cnts                 
20000004  Prewait                                
20000008  CPMwait                                
2000000c  Postwait                               
20000010  IFlags                                 
20000014  Crystalstable                          
20000018  TExaS_ScopeErrLostData                 
2000001c  TExaS_ScopeErrConflict                 
20000020  TExaS_ScopeWrnReconfig                 
20000024  SystemCoreClock                        
20000028  BumpTask                               
2000002c  PeriodicTask2                          
20000030  Spt                                    
20000034  CollisionData                          
20000035  CollisionFlag                          
20000036  LogicData                              
20000037  Output                                 
20000038  SensorData                             
20000039  systick_count                          
2000fe00  __stack                                
20010000  __STACK_END                            
4000480c  WDTCTL_SYM                             
ffffffff  __TI_pprof_out_hndl                    
ffffffff  __TI_prof_data_size                    
ffffffff  __TI_prof_data_start                   
ffffffff  __binit__                              
ffffffff  __c_args__                             
ffffffff  binit                                  
UNDEFED   __mpu_init                             
UNDEFED   _system_post_cinit                     

[202 symbols]
